../src/drv_can.c:22:6:can_Init	8	static
../src/drv_can.c:50:5:can_SetFreq	16	static
../src/drv_can.c:98:6:can_IrqInit	8	static
../src/drv_can.c:104:6:can_IrqFree	4	static
../src/drv_can.c:109:6:can_IrqSet	16	static
../src/drv_can.c:114:5:can_Write	40	static
../src/drv_can.c:143:5:can_Read	24	static
../src/drv_can.c:157:5:can_Mode	16	static
../src/drv_can.c:187:5:can_Filter_list	64	static
../src/drv_can.c:208:5:can_Filter_disable	48	static
../src/drv_can.c:230:6:can_Reset	4	static
../src/drv_can.c:235:15:can_Rderror	8	static
../src/drv_can.c:240:15:can_Tderror	8	static
../src/drv_can.c:246:6:HAL_CAN_RxCpltCallback	16	static
