/home/mohamed/enib/projets/Bus-Can/WORKSPACE_RESCAPT_STM32CUBEIDE/rescapt/CMSIS/core/core_cm3.h:1524:22:NVIC_SetPriority	2
/home/mohamed/enib/projets/Bus-Can/WORKSPACE_RESCAPT_STM32CUBEIDE/rescapt/CMSIS/core/core_cm3.h:1616:22:NVIC_SystemReset	1
/home/mohamed/enib/projets/Bus-Can/WORKSPACE_RESCAPT_STM32CUBEIDE/rescapt/CMSIS/core/core_cm3.h:1656:26:SysTick_Config	2
../src/main.c:68:5:main	1
../src/main.c:163:6:rangeLuxTempHum_Callback	5
../src/main.c:281:6:HAL_TIM_PeriodElapsedCallback	1
../src/main.c:288:6:can_callback	5
../src/main.c:333:6:VL6180x_Init	1
../src/main.c:362:6:VL6180x_Step	13
