../src/stm32f1xx_it.c:15:6:NMI_Handler	4	static
../src/stm32f1xx_it.c:19:6:HardFault_Handler	4	static
../src/stm32f1xx_it.c:26:6:MemManage_Handler	4	static
../src/stm32f1xx_it.c:33:6:BusFault_Handler	4	static
../src/stm32f1xx_it.c:40:6:UsageFault_Handler	4	static
../src/stm32f1xx_it.c:47:6:SVC_Handler	4	static
../src/stm32f1xx_it.c:51:6:DebugMon_Handler	4	static
../src/stm32f1xx_it.c:55:6:PendSV_Handler	4	static
../src/stm32f1xx_it.c:59:6:SysTick_Handler	8	static
../src/stm32f1xx_it.c:72:6:EXTI0_IRQHandler	8	static
../src/stm32f1xx_it.c:77:6:I2C1_EV_IRQHandler	8	static
../src/stm32f1xx_it.c:82:6:I2C1_ER_IRQHandler	8	static
../src/stm32f1xx_it.c:87:6:USB_LP_CAN1_RX0_IRQHandler	8	static
../src/stm32f1xx_it.c:91:6:TIM3_IRQHandler	8	static
../src/stm32f1xx_it.c:96:6:USART3_IRQHandler	8	static
../src/stm32f1xx_it.c:101:6:USART2_IRQHandler	8	static
